Copyright 1986-2022 Xilinx, Inc. All Rights Reserved. Copyright 2022-2025 Advanced Micro Devices, Inc. All Rights Reserved.
-----------------------------------------------------------------------------------------------------------------------------------------------------------------
| Tool Version      : Vivado v.2025.2 (lin64) Build 6299465 Fri Nov 14 12:34:56 MST 2025
| Date              : Sat Sep  5 10:37:52 2026
| Host              : HoboKitty running 64-bit Ubuntu 24.04.4 LTS
| Command           : report_timing_summary -file /home/fbruno/git/books/The-FPGA-Programming-Handbook-Third-Edition/CH13/common/ooc/timing_threshold.rpt -quiet
| Design            : rm_threshold
| Device            : xczu3eg-sfvc784
| Speed File        : -2  PRODUCTION 1.30 05-15-2022
| Design State      : Synthesized
| Temperature Grade : E
-----------------------------------------------------------------------------------------------------------------------------------------------------------------

Timing Summary Report

------------------------------------------------------------------------------------------------
| Timer Settings
| --------------
------------------------------------------------------------------------------------------------

  Enable Multi Corner Analysis               :  Yes
  Enable Pessimism Removal                   :  Yes
  Pessimism Removal Resolution               :  Nearest Common Node
  Enable Input Delay Default Clock           :  No
  Enable Preset / Clear Arcs                 :  No
  Disable Flight Delays                      :  No
  Ignore I/O Paths                           :  No
  Timing Early Launch at Borrowing Latches   :  No
  Borrow Time for Max Delay Exceptions       :  Yes
  Merge Timing Exceptions                    :  Yes
  Inter-SLR Compensation                     :  Conservative

  Corner  Analyze    Analyze    
  Name    Max Paths  Min Paths  
  ------  ---------  ---------  
  Slow    Yes        Yes        
  Fast    Yes        Yes        


------------------------------------------------------------------------------------------------
| Report Methodology
| ------------------
------------------------------------------------------------------------------------------------

No report available as report_methodology has not been run prior. Run report_methodology on the current design for the summary of methodology violations.



check_timing report

Table of Contents
-----------------
1. checking no_clock (0)
2. checking constant_clock (0)
3. checking pulse_width_clock (0)
4. checking unconstrained_internal_endpoints (0)
5. checking no_input_delay (83)
6. checking no_output_delay (212)
7. checking multiple_clock (0)
8. checking generated_clocks (0)
9. checking loops (0)
10. checking partial_input_delay (0)
11. checking partial_output_delay (0)
12. checking latch_loops (0)

1. checking no_clock (0)
------------------------
 There are 0 register/latch pins with no clock.


2. checking constant_clock (0)
------------------------------
 There are 0 register/latch pins with constant_clock.


3. checking pulse_width_clock (0)
---------------------------------
 There are 0 register/latch pins which need pulse_width check


4. checking unconstrained_internal_endpoints (0)
------------------------------------------------
 There are 0 pins that are not constrained for maximum delay.

 There are 0 pins that are not constrained for maximum delay due to constant clock.


5. checking no_input_delay (83)
-------------------------------
 There are 83 input ports with no input delay specified. (HIGH)

 There are 0 input ports with no input delay but user has a false path constraint.


6. checking no_output_delay (212)
---------------------------------
 There are 212 ports with no output delay specified. (HIGH)

 There are 0 ports with no output delay but user has a false path constraint

 There are 0 ports with no output delay but with a timing clock defined on it or propagating through it


7. checking multiple_clock (0)
------------------------------
 There are 0 register/latch pins with multiple clocks.


8. checking generated_clocks (0)
--------------------------------
 There are 0 generated clocks that are not connected to a clock source.


9. checking loops (0)
---------------------
 There are 0 combinational loops in the design.


10. checking partial_input_delay (0)
------------------------------------
 There are 0 input ports with partial input delay specified.


11. checking partial_output_delay (0)
-------------------------------------
 There are 0 ports with partial output delay specified.


12. checking latch_loops (0)
----------------------------
 There are 0 combinational latch loops in the design through latch input



------------------------------------------------------------------------------------------------
| Design Timing Summary
| ---------------------
------------------------------------------------------------------------------------------------

    WNS(ns)      TNS(ns)  TNS Failing Endpoints  TNS Total Endpoints      WHS(ns)      THS(ns)  THS Failing Endpoints  THS Total Endpoints     WPWS(ns)     TPWS(ns)  TPWS Failing Endpoints  TPWS Total Endpoints  
    -------      -------  ---------------------  -------------------      -------      -------  ---------------------  -------------------     --------     --------  ----------------------  --------------------  
      1.019        0.000                      0                 3789        0.042        0.000                      0                 3789        1.968        0.000                       0                  1044  


All user specified timing constraints are met.


------------------------------------------------------------------------------------------------
| Clock Summary
| -------------
------------------------------------------------------------------------------------------------

Clock   Waveform(ns)         Period(ns)      Frequency(MHz)
-----   ------------         ----------      --------------
ap_clk  {0.000 2.500}        5.000           200.000         


------------------------------------------------------------------------------------------------
| Intra Clock Table
| -----------------
------------------------------------------------------------------------------------------------

Clock             WNS(ns)      TNS(ns)  TNS Failing Endpoints  TNS Total Endpoints      WHS(ns)      THS(ns)  THS Failing Endpoints  THS Total Endpoints     WPWS(ns)     TPWS(ns)  TPWS Failing Endpoints  TPWS Total Endpoints  
-----             -------      -------  ---------------------  -------------------      -------      -------  ---------------------  -------------------     --------     --------  ----------------------  --------------------  
ap_clk              1.019        0.000                      0                 3789        0.042        0.000                      0                 3789        1.968        0.000                       0                  1044  


------------------------------------------------------------------------------------------------
| Inter Clock Table
| -----------------
------------------------------------------------------------------------------------------------

From Clock    To Clock          WNS(ns)      TNS(ns)  TNS Failing Endpoints  TNS Total Endpoints      WHS(ns)      THS(ns)  THS Failing Endpoints  THS Total Endpoints  
----------    --------          -------      -------  ---------------------  -------------------      -------      -------  ---------------------  -------------------  


------------------------------------------------------------------------------------------------
| Other Path Groups Table
| -----------------------
------------------------------------------------------------------------------------------------

Path Group    From Clock    To Clock          WNS(ns)      TNS(ns)  TNS Failing Endpoints  TNS Total Endpoints      WHS(ns)      THS(ns)  THS Failing Endpoints  THS Total Endpoints  
----------    ----------    --------          -------      -------  ---------------------  -------------------      -------      -------  ---------------------  -------------------  


------------------------------------------------------------------------------------------------
| Timing Details
| --------------
------------------------------------------------------------------------------------------------


---------------------------------------------------------------------------------------------------
From Clock:  ap_clk
  To Clock:  ap_clk

Setup :            0  Failing Endpoints,  Worst Slack        1.019ns,  Total Violation        0.000ns
Hold  :            0  Failing Endpoints,  Worst Slack        0.042ns,  Total Violation        0.000ns
PW    :            0  Failing Endpoints,  Worst Slack        1.968ns,  Total Violation        0.000ns
---------------------------------------------------------------------------------------------------


Max Delay Paths
--------------------------------------------------------------------------------------
Slack (MET) :             1.019ns  (required time - arrival time)
  Source:                 u_shell/u_fifo_in/rptr_reg[1]_rep/C
                            (rising edge-triggered cell FDRE clocked by ap_clk  {rise@0.000ns fall@2.500ns period=5.000ns})
  Destination:            u_core/m_data_reg[21]/D
                            (rising edge-triggered cell FDRE clocked by ap_clk  {rise@0.000ns fall@2.500ns period=5.000ns})
  Path Group:             ap_clk
  Path Type:              Setup (Max at Slow Process Corner)
  Requirement:            5.000ns  (ap_clk rise@5.000ns - ap_clk rise@0.000ns)
  Data Path Delay:        3.962ns  (logic 1.533ns (38.693%)  route 2.429ns (61.307%))
  Logic Levels:           17  (CARRY8=5 LUT2=2 LUT3=5 LUT4=1 LUT6=3 RAMD64E=1)
  Clock Path Skew:        -0.009ns (DCD - SCD + CPR)
    Destination Clock Delay (DCD):    0.021ns = ( 5.021 - 5.000 ) 
    Source Clock Delay      (SCD):    0.030ns
    Clock Pessimism Removal (CPR):    0.000ns
  Clock Uncertainty:      0.035ns  ((TSJ^2 + TIJ^2)^1/2 + DJ) / 2 + PE
    Total System Jitter     (TSJ):    0.071ns
    Total Input Jitter      (TIJ):    0.000ns
    Discrete Jitter          (DJ):    0.000ns
    Phase Error              (PE):    0.000ns

    Location             Delay type                Incr(ns)  Path(ns)    Netlist Resource(s)
  -------------------------------------------------------------------    -------------------
                         (clock ap_clk rise edge)     0.000     0.000 r  
                                                      0.000     0.000 r  ap_clk (IN)
                         net (fo=1053, unset)         0.030     0.030    u_shell/u_fifo_in/ap_clk
                         FDRE                                         r  u_shell/u_fifo_in/rptr_reg[1]_rep/C
  -------------------------------------------------------------------    -------------------
                         FDRE (Prop_FDRE_C_Q)         0.077     0.107 r  u_shell/u_fifo_in/rptr_reg[1]_rep/Q
                         net (fo=96, unplaced)        0.234     0.341    u_shell/u_fifo_in/mem_reg_192_255_14_20/ADDRE1
                         RAMD64E (Prop_RAMD64E_RADR1_O)
                                                      0.124     0.465 r  u_shell/u_fifo_in/mem_reg_192_255_14_20/RAME/O
                         net (fo=1, unplaced)         0.107     0.572    u_shell/u_fifo_in/mem_reg_192_255_14_20_n_4
                         LUT6 (Prop_LUT6_I0_O)        0.150     0.722 r  u_shell/u_fifo_in/m_data4__5_carry_i_23/O
                         net (fo=1, unplaced)         0.186     0.908    u_shell/u_fifo_in/m_data4__5_carry_i_23_n_0
                         LUT3 (Prop_LUT3_I2_O)        0.038     0.946 r  u_shell/u_fifo_in/m_data4__5_carry_i_5/O
                         net (fo=8, unplaced)         0.133     1.079    u_shell/u_fifo_in/rptr_reg[8]_15
                         LUT6 (Prop_LUT6_I0_O)        0.150     1.229 r  u_shell/u_fifo_in/m_data4__5_carry_i_27/O
                         net (fo=3, unplaced)         0.192     1.421    u_shell/u_fifo_in/m_data4__5_carry_i_27_n_0
                         LUT3 (Prop_LUT3_I0_O)        0.038     1.459 r  u_shell/u_fifo_in/m_data4__5_carry_i_17/O
                         net (fo=7, unplaced)         0.211     1.670    u_shell/u_fifo_in/m_data4__5_carry_i_17_n_0
                         LUT3 (Prop_LUT3_I2_O)        0.038     1.708 r  u_shell/u_fifo_in/m_data4__5_carry_i_19/O
                         net (fo=3, unplaced)         0.192     1.900    u_shell/u_fifo_in/m_data4__5_carry_i_19_n_0
                         LUT3 (Prop_LUT3_I1_O)        0.038     1.938 r  u_shell/u_fifo_in/m_data4__5_carry_i_2/O
                         net (fo=2, unplaced)         0.186     2.124    u_shell/u_fifo_in/rptr_reg[8]_6[1]
                         LUT6 (Prop_LUT6_I4_O)        0.037     2.161 r  u_shell/u_fifo_in/m_data4__5_carry_i_8/O
                         net (fo=1, unplaced)         0.023     2.184    u_core/m_data3_carry_i_8_0[6]
                         CARRY8 (Prop_CARRY8_S[6]_CO[7])
                                                      0.124     2.308 r  u_core/m_data4__5_carry/CO[7]
                         net (fo=1, unplaced)         0.005     2.313    u_core/m_data4__5_carry_n_0
                         CARRY8 (Prop_CARRY8_CI_O[1])
                                                      0.076     2.389 r  u_core/m_data4__5_carry__0/O[1]
                         net (fo=2, unplaced)         0.184     2.573    u_shell/u_fifo_in/m_data3_carry__0[2]
                         LUT2 (Prop_LUT2_I0_O)        0.037     2.610 r  u_shell/u_fifo_in/m_data3_carry__0_i_2/O
                         net (fo=1, unplaced)         0.032     2.642    u_core/m_data3__41_carry_i_2_0[1]
                         CARRY8 (Prop_CARRY8_S[3]_O[4])
                                                      0.149     2.791 r  u_core/m_data3_carry__0/O[4]
                         net (fo=1, unplaced)         0.184     2.975    u_shell/u_fifo_in/m_data3__41_carry__0_0[3]
                         LUT2 (Prop_LUT2_I1_O)        0.037     3.012 r  u_shell/u_fifo_in/m_data3__41_carry__0_i_4/O
                         net (fo=1, unplaced)         0.032     3.044    u_core/m_data2_carry_i_8_2[1]
                         CARRY8 (Prop_CARRY8_S[3]_O[4])
                                                      0.149     3.193 r  u_core/m_data3__41_carry__0/O[4]
                         net (fo=2, unplaced)         0.134     3.327    u_shell/u_fifo_in/m_data2_carry[3]
                         LUT4 (Prop_LUT4_I0_O)        0.099     3.426 r  u_shell/u_fifo_in/m_data2_carry_i_2/O
                         net (fo=1, unplaced)         0.255     3.681    u_core/m_data_reg[21]_0[1]
                         CARRY8 (Prop_CARRY8_DI[2]_CO[3])
                                                      0.134     3.815 r  u_core/m_data2_carry/CO[3]
                         net (fo=1, unplaced)         0.091     3.906    u_core/m_data2
                         LUT3 (Prop_LUT3_I2_O)        0.038     3.944 r  u_core/m_data[21]_i_1/O
                         net (fo=1, unplaced)         0.048     3.992    u_core/m_data[21]_i_1_n_0
                         FDRE                                         r  u_core/m_data_reg[21]/D
  -------------------------------------------------------------------    -------------------

                         (clock ap_clk rise edge)     5.000     5.000 r  
                                                      0.000     5.000 r  ap_clk (IN)
                         net (fo=1053, unset)         0.021     5.021    u_core/ap_clk
                         FDRE                                         r  u_core/m_data_reg[21]/C
                         clock pessimism              0.000     5.021    
                         clock uncertainty           -0.035     4.986    
                         FDRE (Setup_FDRE_C_D)        0.025     5.011    u_core/m_data_reg[21]
  -------------------------------------------------------------------
                         required time                          5.011    
                         arrival time                          -3.992    
  -------------------------------------------------------------------
                         slack                                  1.019    





Min Delay Paths
--------------------------------------------------------------------------------------
Slack (MET) :             0.042ns  (arrival time - required time)
  Source:                 u_shell/u_fifo_out/wptr_reg[3]/C
                            (rising edge-triggered cell FDRE clocked by ap_clk  {rise@0.000ns fall@2.500ns period=5.000ns})
  Destination:            u_shell/u_fifo_out/mem_reg_0_63_14_20/RAMA/WADR3
                            (rising edge-triggered cell RAMD64E clocked by ap_clk  {rise@0.000ns fall@2.500ns period=5.000ns})
  Path Group:             ap_clk
  Path Type:              Hold (Min at Fast Process Corner)
  Requirement:            0.000ns  (ap_clk rise@0.000ns - ap_clk rise@0.000ns)
  Data Path Delay:        0.130ns  (logic 0.038ns (29.231%)  route 0.092ns (70.769%))
  Logic Levels:           0  
  Clock Path Skew:        0.026ns (DCD - SCD - CPR)
    Destination Clock Delay (DCD):    0.039ns
    Source Clock Delay      (SCD):    0.013ns
    Clock Pessimism Removal (CPR):    -0.000ns

    Location             Delay type                Incr(ns)  Path(ns)    Netlist Resource(s)
  -------------------------------------------------------------------    -------------------
                         (clock ap_clk rise edge)     0.000     0.000 r  
                                                      0.000     0.000 r  ap_clk (IN)
                         net (fo=1053, unset)         0.013     0.013    u_shell/u_fifo_out/ap_clk
                         FDRE                                         r  u_shell/u_fifo_out/wptr_reg[3]/C
  -------------------------------------------------------------------    -------------------
                         FDRE (Prop_FDRE_C_Q)         0.038     0.051 r  u_shell/u_fifo_out/wptr_reg[3]/Q
                         net (fo=116, unplaced)       0.092     0.143    u_shell/u_fifo_out/mem_reg_0_63_14_20/ADDRH3
                         RAMD64E                                      r  u_shell/u_fifo_out/mem_reg_0_63_14_20/RAMA/WADR3
  -------------------------------------------------------------------    -------------------

                         (clock ap_clk rise edge)     0.000     0.000 r  
                                                      0.000     0.000 r  ap_clk (IN)
                         net (fo=1053, unset)         0.039     0.039    u_shell/u_fifo_out/mem_reg_0_63_14_20/WCLK
                         RAMD64E                                      r  u_shell/u_fifo_out/mem_reg_0_63_14_20/RAMA/CLK
                         clock pessimism              0.000     0.039    
                         RAMD64E (Hold_RAMD64E_CLK_WADR3)
                                                      0.062     0.101    u_shell/u_fifo_out/mem_reg_0_63_14_20/RAMA
  -------------------------------------------------------------------
                         required time                         -0.101    
                         arrival time                           0.143    
  -------------------------------------------------------------------
                         slack                                  0.042    





Pulse Width Checks
--------------------------------------------------------------------------------------
Clock Name:         ap_clk
Waveform(ns):       { 0.000 2.500 }
Period(ns):         5.000
Sources:            { ap_clk }

Check Type        Corner  Lib Pin      Reference Pin  Required(ns)  Actual(ns)  Slack(ns)  Location  Pin
Min Period        n/a     RAMD64E/CLK  n/a            1.064         5.000       3.936                u_shell/u_fifo_in/mem_reg_0_63_0_6/RAMA/CLK
Low Pulse Width   Slow    RAMD64E/CLK  n/a            0.532         2.500       1.968                u_shell/u_fifo_in/mem_reg_0_63_0_6/RAMA/CLK
High Pulse Width  Slow    RAMD64E/CLK  n/a            0.532         2.500       1.968                u_shell/u_fifo_in/mem_reg_0_63_0_6/RAMA/CLK



