Copyright 1986-2022 Xilinx, Inc. All Rights Reserved. Copyright 2022-2025 Advanced Micro Devices, Inc. All Rights Reserved.
-------------------------------------------------------------------------------------------------------------------------------------------------------------------
| Tool Version      : Vivado v.2025.2 (lin64) Build 6299465 Fri Nov 14 12:34:56 MST 2025
| Date              : Sat Sep  5 10:36:43 2026
| Host              : HoboKitty running 64-bit Ubuntu 24.04.4 LTS
| Command           : report_timing_summary -file /home/fbruno/git/books/The-FPGA-Programming-Handbook-Third-Edition/CH13/common/ooc/timing_passthrough.rpt -quiet
| Design            : rm_passthrough
| Device            : xczu3eg-sfvc784
| Speed File        : -2  PRODUCTION 1.30 05-15-2022
| Design State      : Synthesized
| Temperature Grade : E
-------------------------------------------------------------------------------------------------------------------------------------------------------------------

Timing Summary Report

------------------------------------------------------------------------------------------------
| Timer Settings
| --------------
------------------------------------------------------------------------------------------------

  Enable Multi Corner Analysis               :  Yes
  Enable Pessimism Removal                   :  Yes
  Pessimism Removal Resolution               :  Nearest Common Node
  Enable Input Delay Default Clock           :  No
  Enable Preset / Clear Arcs                 :  No
  Disable Flight Delays                      :  No
  Ignore I/O Paths                           :  No
  Timing Early Launch at Borrowing Latches   :  No
  Borrow Time for Max Delay Exceptions       :  Yes
  Merge Timing Exceptions                    :  Yes
  Inter-SLR Compensation                     :  Conservative

  Corner  Analyze    Analyze    
  Name    Max Paths  Min Paths  
  ------  ---------  ---------  
  Slow    Yes        Yes        
  Fast    Yes        Yes        


------------------------------------------------------------------------------------------------
| Report Methodology
| ------------------
------------------------------------------------------------------------------------------------

No report available as report_methodology has not been run prior. Run report_methodology on the current design for the summary of methodology violations.



check_timing report

Table of Contents
-----------------
1. checking no_clock (0)
2. checking constant_clock (0)
3. checking pulse_width_clock (0)
4. checking unconstrained_internal_endpoints (0)
5. checking no_input_delay (91)
6. checking no_output_delay (220)
7. checking multiple_clock (0)
8. checking generated_clocks (0)
9. checking loops (0)
10. checking partial_input_delay (0)
11. checking partial_output_delay (0)
12. checking latch_loops (0)

1. checking no_clock (0)
------------------------
 There are 0 register/latch pins with no clock.


2. checking constant_clock (0)
------------------------------
 There are 0 register/latch pins with constant_clock.


3. checking pulse_width_clock (0)
---------------------------------
 There are 0 register/latch pins which need pulse_width check


4. checking unconstrained_internal_endpoints (0)
------------------------------------------------
 There are 0 pins that are not constrained for maximum delay.

 There are 0 pins that are not constrained for maximum delay due to constant clock.


5. checking no_input_delay (91)
-------------------------------
 There are 91 input ports with no input delay specified. (HIGH)

 There are 0 input ports with no input delay but user has a false path constraint.


6. checking no_output_delay (220)
---------------------------------
 There are 220 ports with no output delay specified. (HIGH)

 There are 0 ports with no output delay but user has a false path constraint

 There are 0 ports with no output delay but with a timing clock defined on it or propagating through it


7. checking multiple_clock (0)
------------------------------
 There are 0 register/latch pins with multiple clocks.


8. checking generated_clocks (0)
--------------------------------
 There are 0 generated clocks that are not connected to a clock source.


9. checking loops (0)
---------------------
 There are 0 combinational loops in the design.


10. checking partial_input_delay (0)
------------------------------------
 There are 0 input ports with partial input delay specified.


11. checking partial_output_delay (0)
-------------------------------------
 There are 0 ports with partial output delay specified.


12. checking latch_loops (0)
----------------------------
 There are 0 combinational latch loops in the design through latch input



------------------------------------------------------------------------------------------------
| Design Timing Summary
| ---------------------
------------------------------------------------------------------------------------------------

    WNS(ns)      TNS(ns)  TNS Failing Endpoints  TNS Total Endpoints      WHS(ns)      THS(ns)  THS Failing Endpoints  THS Total Endpoints     WPWS(ns)     TPWS(ns)  TPWS Failing Endpoints  TPWS Total Endpoints  
    -------      -------  ---------------------  -------------------      -------      -------  ---------------------  -------------------     --------     --------  ----------------------  --------------------  
      1.210        0.000                      0                 6286        0.044        0.000                      0                 6286        1.968        0.000                       0                  1404  


All user specified timing constraints are met.


------------------------------------------------------------------------------------------------
| Clock Summary
| -------------
------------------------------------------------------------------------------------------------

Clock   Waveform(ns)         Period(ns)      Frequency(MHz)
-----   ------------         ----------      --------------
ap_clk  {0.000 2.500}        5.000           200.000         


------------------------------------------------------------------------------------------------
| Intra Clock Table
| -----------------
------------------------------------------------------------------------------------------------

Clock             WNS(ns)      TNS(ns)  TNS Failing Endpoints  TNS Total Endpoints      WHS(ns)      THS(ns)  THS Failing Endpoints  THS Total Endpoints     WPWS(ns)     TPWS(ns)  TPWS Failing Endpoints  TPWS Total Endpoints  
-----             -------      -------  ---------------------  -------------------      -------      -------  ---------------------  -------------------     --------     --------  ----------------------  --------------------  
ap_clk              1.210        0.000                      0                 6286        0.044        0.000                      0                 6286        1.968        0.000                       0                  1404  


------------------------------------------------------------------------------------------------
| Inter Clock Table
| -----------------
------------------------------------------------------------------------------------------------

From Clock    To Clock          WNS(ns)      TNS(ns)  TNS Failing Endpoints  TNS Total Endpoints      WHS(ns)      THS(ns)  THS Failing Endpoints  THS Total Endpoints  
----------    --------          -------      -------  ---------------------  -------------------      -------      -------  ---------------------  -------------------  


------------------------------------------------------------------------------------------------
| Other Path Groups Table
| -----------------------
------------------------------------------------------------------------------------------------

Path Group    From Clock    To Clock          WNS(ns)      TNS(ns)  TNS Failing Endpoints  TNS Total Endpoints      WHS(ns)      THS(ns)  THS Failing Endpoints  THS Total Endpoints  
----------    ----------    --------          -------      -------  ---------------------  -------------------      -------      -------  ---------------------  -------------------  


------------------------------------------------------------------------------------------------
| Timing Details
| --------------
------------------------------------------------------------------------------------------------


---------------------------------------------------------------------------------------------------
From Clock:  ap_clk
  To Clock:  ap_clk

Setup :            0  Failing Endpoints,  Worst Slack        1.210ns,  Total Violation        0.000ns
Hold  :            0  Failing Endpoints,  Worst Slack        0.044ns,  Total Violation        0.000ns
PW    :            0  Failing Endpoints,  Worst Slack        1.968ns,  Total Violation        0.000ns
---------------------------------------------------------------------------------------------------


Max Delay Paths
--------------------------------------------------------------------------------------
Slack (MET) :             1.210ns  (required time - arrival time)
  Source:                 u_shell/u_rd/words_left_reg[6]/C
                            (rising edge-triggered cell FDRE clocked by ap_clk  {rise@0.000ns fall@2.500ns period=5.000ns})
  Destination:            u_shell/u_rd/reserved_reg[8]/D
                            (rising edge-triggered cell FDRE clocked by ap_clk  {rise@0.000ns fall@2.500ns period=5.000ns})
  Path Group:             ap_clk
  Path Type:              Setup (Max at Slow Process Corner)
  Requirement:            5.000ns  (ap_clk rise@5.000ns - ap_clk rise@0.000ns)
  Data Path Delay:        3.771ns  (logic 1.121ns (29.727%)  route 2.650ns (70.273%))
  Logic Levels:           14  (CARRY8=2 LUT2=1 LUT3=1 LUT4=4 LUT5=2 LUT6=4)
  Clock Path Skew:        -0.009ns (DCD - SCD + CPR)
    Destination Clock Delay (DCD):    0.021ns = ( 5.021 - 5.000 ) 
    Source Clock Delay      (SCD):    0.030ns
    Clock Pessimism Removal (CPR):    0.000ns
  Clock Uncertainty:      0.035ns  ((TSJ^2 + TIJ^2)^1/2 + DJ) / 2 + PE
    Total System Jitter     (TSJ):    0.071ns
    Total Input Jitter      (TIJ):    0.000ns
    Discrete Jitter          (DJ):    0.000ns
    Phase Error              (PE):    0.000ns

    Location             Delay type                Incr(ns)  Path(ns)    Netlist Resource(s)
  -------------------------------------------------------------------    -------------------
                         (clock ap_clk rise edge)     0.000     0.000 r  
                                                      0.000     0.000 r  ap_clk (IN)
                         net (fo=1413, unset)         0.030     0.030    u_shell/u_rd/ap_clk
                         FDRE                                         r  u_shell/u_rd/words_left_reg[6]/C
  -------------------------------------------------------------------    -------------------
                         FDRE (Prop_FDRE_C_Q)         0.078     0.108 f  u_shell/u_rd/words_left_reg[6]/Q
                         net (fo=5, unplaced)         0.110     0.218    u_shell/u_rd/words_left_reg_n_0_[6]
                         LUT4 (Prop_LUT4_I0_O)        0.139     0.357 f  u_shell/u_rd/m_axi_gmem0_arvalid_INST_0_i_4/O
                         net (fo=1, unplaced)         0.186     0.543    u_shell/u_rd/m_axi_gmem0_arvalid_INST_0_i_4_n_0
                         LUT5 (Prop_LUT5_I4_O)        0.038     0.581 r  u_shell/u_rd/m_axi_gmem0_arvalid_INST_0_i_2/O
                         net (fo=3, unplaced)         0.192     0.773    u_shell/u_rd/m_axi_gmem0_arvalid_INST_0_i_2_n_0
                         LUT4 (Prop_LUT4_I2_O)        0.038     0.811 f  u_shell/u_rd/m_axi_gmem0_arlen[7]_INST_0_i_6/O
                         net (fo=14, unplaced)        0.227     1.038    u_shell/u_rd/m_axi_gmem0_arlen[7]_INST_0_i_6_n_0
                         LUT2 (Prop_LUT2_I1_O)        0.070     1.108 r  u_shell/u_rd/m_axi_gmem0_arlen[5]_INST_0_i_7/O
                         net (fo=3, unplaced)         0.192     1.300    u_shell/u_rd/m_axi_gmem0_arlen[5]_INST_0_i_7_n_0
                         LUT6 (Prop_LUT6_I4_O)        0.038     1.338 r  u_shell/u_rd/burst_len1_carry_i_4/O
                         net (fo=1, unplaced)         0.210     1.548    u_shell/u_rd/burst_len1_carry_i_4_n_0
                         CARRY8 (Prop_CARRY8_DI[1]_CO[5])
                                                      0.158     1.706 r  u_shell/u_rd/burst_len1_carry/CO[5]
                         net (fo=32, unplaced)        0.155     1.861    u_shell/u_rd/burst_len1_carry_n_2
                         LUT4 (Prop_LUT4_I3_O)        0.038     1.899 r  u_shell/u_rd/m_axi_gmem0_arlen[5]_INST_0_i_3/O
                         net (fo=14, unplaced)        0.227     2.126    u_shell/u_fifo_in/addr_cur1[0]
                         LUT4 (Prop_LUT4_I3_O)        0.070     2.196 f  u_shell/u_fifo_in/can_issue0_carry_i_6/O
                         net (fo=1, unplaced)         0.254     2.450    u_shell/u_rd/DI[0]
                         CARRY8 (Prop_CARRY8_DI[0]_CO[5])
                                                      0.170     2.620 f  u_shell/u_rd/can_issue0_carry/CO[5]
                         net (fo=2, unplaced)         0.095     2.715    u_shell/u_rd/can_issue0__5
                         LUT6 (Prop_LUT6_I4_O)        0.038     2.753 r  u_shell/u_rd/addr_cur[63]_i_4/O
                         net (fo=26, unplaced)        0.241     2.994    u_shell/u_rd/addr_cur[63]_i_4_n_0
                         LUT3 (Prop_LUT3_I1_O)        0.070     3.064 f  u_shell/u_rd/reserved[7]_i_5/O
                         net (fo=2, unplaced)         0.141     3.205    u_shell/u_rd/reserved[7]_i_5_n_0
                         LUT5 (Prop_LUT5_I1_O)        0.100     3.305 r  u_shell/u_rd/reserved[6]_i_2/O
                         net (fo=2, unplaced)         0.186     3.491    u_shell/u_rd/reserved[6]_i_2_n_0
                         LUT6 (Prop_LUT6_I2_O)        0.038     3.529 r  u_shell/u_rd/reserved[8]_i_2/O
                         net (fo=1, unplaced)         0.186     3.715    u_shell/u_rd/reserved[8]_i_2_n_0
                         LUT6 (Prop_LUT6_I5_O)        0.038     3.753 r  u_shell/u_rd/reserved[8]_i_1/O
                         net (fo=1, unplaced)         0.048     3.801    u_shell/u_rd/reserved[8]
                         FDRE                                         r  u_shell/u_rd/reserved_reg[8]/D
  -------------------------------------------------------------------    -------------------

                         (clock ap_clk rise edge)     5.000     5.000 r  
                                                      0.000     5.000 r  ap_clk (IN)
                         net (fo=1413, unset)         0.021     5.021    u_shell/u_rd/ap_clk
                         FDRE                                         r  u_shell/u_rd/reserved_reg[8]/C
                         clock pessimism              0.000     5.021    
                         clock uncertainty           -0.035     4.986    
                         FDRE (Setup_FDRE_C_D)        0.025     5.011    u_shell/u_rd/reserved_reg[8]
  -------------------------------------------------------------------
                         required time                          5.011    
                         arrival time                          -3.801    
  -------------------------------------------------------------------
                         slack                                  1.210    





Min Delay Paths
--------------------------------------------------------------------------------------
Slack (MET) :             0.044ns  (arrival time - required time)
  Source:                 u_core/m_data_reg[2]/C
                            (rising edge-triggered cell FDRE clocked by ap_clk  {rise@0.000ns fall@2.500ns period=5.000ns})
  Destination:            u_shell/u_fifo_out/mem_reg_0_63_0_6/RAMC/I
                            (rising edge-triggered cell RAMD64E clocked by ap_clk  {rise@0.000ns fall@2.500ns period=5.000ns})
  Path Group:             ap_clk
  Path Type:              Hold (Min at Fast Process Corner)
  Requirement:            0.000ns  (ap_clk rise@0.000ns - ap_clk rise@0.000ns)
  Data Path Delay:        0.125ns  (logic 0.038ns (30.400%)  route 0.087ns (69.600%))
  Logic Levels:           0  
  Clock Path Skew:        0.026ns (DCD - SCD - CPR)
    Destination Clock Delay (DCD):    0.039ns
    Source Clock Delay      (SCD):    0.013ns
    Clock Pessimism Removal (CPR):    -0.000ns

    Location             Delay type                Incr(ns)  Path(ns)    Netlist Resource(s)
  -------------------------------------------------------------------    -------------------
                         (clock ap_clk rise edge)     0.000     0.000 r  
                                                      0.000     0.000 r  ap_clk (IN)
                         net (fo=1413, unset)         0.013     0.013    u_core/ap_clk
                         FDRE                                         r  u_core/m_data_reg[2]/C
  -------------------------------------------------------------------    -------------------
                         FDRE (Prop_FDRE_C_Q)         0.038     0.051 r  u_core/m_data_reg[2]/Q
                         net (fo=8, unplaced)         0.087     0.138    u_shell/u_fifo_out/mem_reg_0_63_0_6/DIC
                         RAMD64E                                      r  u_shell/u_fifo_out/mem_reg_0_63_0_6/RAMC/I
  -------------------------------------------------------------------    -------------------

                         (clock ap_clk rise edge)     0.000     0.000 r  
                                                      0.000     0.000 r  ap_clk (IN)
                         net (fo=1413, unset)         0.039     0.039    u_shell/u_fifo_out/mem_reg_0_63_0_6/WCLK
                         RAMD64E                                      r  u_shell/u_fifo_out/mem_reg_0_63_0_6/RAMC/CLK
                         clock pessimism              0.000     0.039    
                         RAMD64E (Hold_RAMD64E_CLK_I)
                                                      0.055     0.094    u_shell/u_fifo_out/mem_reg_0_63_0_6/RAMC
  -------------------------------------------------------------------
                         required time                         -0.094    
                         arrival time                           0.138    
  -------------------------------------------------------------------
                         slack                                  0.044    





Pulse Width Checks
--------------------------------------------------------------------------------------
Clock Name:         ap_clk
Waveform(ns):       { 0.000 2.500 }
Period(ns):         5.000
Sources:            { ap_clk }

Check Type        Corner  Lib Pin      Reference Pin  Required(ns)  Actual(ns)  Slack(ns)  Location  Pin
Min Period        n/a     RAMD64E/CLK  n/a            1.064         5.000       3.936                u_shell/u_fifo_in/mem_reg_0_63_0_6/RAMA/CLK
Low Pulse Width   Slow    RAMD64E/CLK  n/a            0.532         2.500       1.968                u_shell/u_fifo_in/mem_reg_0_63_0_6/RAMA/CLK
High Pulse Width  Slow    RAMD64E/CLK  n/a            0.532         2.500       1.968                u_shell/u_fifo_in/mem_reg_0_63_0_6/RAMA/CLK



